[backblue.gif]
[fade.gif]
[index.html]
[www.moezkrichen.tn/assets/images/ic.png]
[www.moezkrichen.tn/assets/js/vendor/modernizr-2.8.3-respond-1.4.2.min.js]
[www.moezkrichen.tn/assets/images/logo.png]
[www.moezkrichen.tn/assets/images/man.png]
[www.moezkrichen.tn/assets/images/portfolio/pf1.jpg]
[www.moezkrichen.tn/assets/images/portfolio/pf2.jpg]
[www.moezkrichen.tn/assets/images/portfolio/pf3.jpg]
[www.moezkrichen.tn/assets/images/portfolio/pf4.jpg]
[www.moezkrichen.tn/assets/images/portfolio/pf5.jpg]
[www.moezkrichen.tn/assets/images/portfolio/pf6.jpg]
[www.moezkrichen.tn/assets/images/portfolio/pf7.jpg]
[www.moezkrichen.tn/assets/images/portfolio/pf8.jpg]
[www.moezkrichen.tn/assets/images/portfolio/pf9.jpg]
[www.moezkrichen.tn/assets/images/portfolio/pf10.jpg]
[www.moezkrichen.tn/assets/images/portfolio/pf11.jpg]
[www.moezkrichen.tn/assets/images/portfolio/pf12.jpg]
[www.moezkrichen.tn/assets/images/portfolio/pf13.jpg]
[www.moezkrichen.tn/assets/images/portfolio/pf14.jpg]
[www.moezkrichen.tn/assets/images/portfolio/pf15.jpg]
[www.moezkrichen.tn/assets/images/portfolio/pf16.jpg]
[www.moezkrichen.tn/assets/images/portfolio/pf17.jpg]
[www.moezkrichen.tn/assets/images/portfolio/pf18.jpg]
[www.moezkrichen.tn/assets/images/portfolio/pf19.jpg]
[www.moezkrichen.tn/assets/images/portfolio/pf20.jpg]
[www.moezkrichen.tn/assets/images/portfolio/pf21.jpg]
[www.moezkrichen.tn/assets/images/untitled-1.png]
[www.moezkrichen.tn/assets/js/vendor/jquery-1.11.2.min.js]
[www.moezkrichen.tn/assets/js/vendor/bootstrap.min.js]
[www.moezkrichen.tn/assets/js/plugins.js]
[www.moezkrichen.tn/assets/js/jquery.magnific-popup.js]
[www.moezkrichen.tn/assets/js/main.js]
[www.moezkrichen.tn/index.html]
[www.moezkrichen.tn/apple-touch-icon.html]
[www.moezkrichen.tn/assets/fonts/glyphicons-halflings-regular.eot]
[www.moezkrichen.tn/assets/fonts/glyphicons-halflings-regular.woff]
[www.moezkrichen.tn/assets/fonts/glyphicons-halflings-regulard41d.eot]
[www.moezkrichen.tn/assets/fonts/glyphicons-halflings-regular.ttf]
[www.moezkrichen.tn/assets/css/bootstrap.min.css]
[www.moezkrichen.tn/assets/fonts/fontawesome-webfonte0a5.eot]
[www.moezkrichen.tn/assets/fonts/fontawesome-webfontd41d.eot]
[www.moezkrichen.tn/assets/fonts/fontawesome-webfonte0a5.woff2]
[www.moezkrichen.tn/assets/fonts/fontawesome-webfonte0a5.woff]
[www.moezkrichen.tn/assets/fonts/fontawesome-webfonte0a5.ttf]
[www.moezkrichen.tn/assets/css/plugins.css]
[www.moezkrichen.tn/assets/fonts/Raleway-SemiBold.woff2]
[www.moezkrichen.tn/assets/fonts/Raleway-Bold.woff2]
[www.moezkrichen.tn/assets/fonts/Raleway-Black.woff2]
[www.moezkrichen.tn/assets/fonts/Roboto-Regular.woff2]
[www.moezkrichen.tn/assets/fonts/Roboto-Bold.woff2]
[www.moezkrichen.tn/assets/css/roboto-railway-webfont.css]
[www.moezkrichen.tn/assets/fonts/Linearicons-Free54e9.eot]
[www.moezkrichen.tn/assets/fonts/Linearicons-Freed41d.eot]
[www.moezkrichen.tn/assets/fonts/Linearicons-Free54e9.woff2]
[www.moezkrichen.tn/assets/fonts/Linearicons-Free54e9.woff]
[www.moezkrichen.tn/assets/fonts/Linearicons-Free54e9.ttf]
[www.moezkrichen.tn/assets/css/linearicons-web-font.css]
[www.moezkrichen.tn/assets/css/magnific-popup.css]
[www.moezkrichen.tn/assets/images/preloading.gif]
[www.moezkrichen.tn/assets/images/header-bg.jpg]
[www.moezkrichen.tn/assets/images/city.jpg]
[www.moezkrichen.tn/assets/images/contact2.jpg]
[www.moezkrichen.tn/assets/css/style.css]
[www.moezkrichen.tn/assets/css/responsive.css]
[www.moezkrichen.tn/index-2.html]
[www.moezkrichen.tn/assets/images/signature.html]
[www.moezkrichen.tn/assets/js/modernizr.html]
[www.moezkrichen.tn/assets/fonts/glyphicons-halflings-regular.svg]
[www.moezkrichen.tn/assets/fonts/fontawesome-webfonte0a5.svg]
[www.moezkrichen.tn/assets/css/owl.video.play.html]
[www.moezkrichen.tn/assets/fonts/Linearicons-Free54e9.svg]
